// Jest Snapshot v1, https://goo.gl/fbAQLP

exports[`Commonjs Tests CommonCjs matches snapshot 1`] = `"{"id":10,"name":"test string data"}"`;
