// Jest Snapshot v1, https://goo.gl/fbAQLP

exports[`BuiltIn Tests type alias BuiltIn matches snapshot 1`] = `"{"date":"test string data"}"`;
