// Jest Snapshot v1, https://goo.gl/fbAQLP

exports[`Index signature Tests IndexSignature matches snapshot 1`] = `"{"0":10,"key":10}"`;
