// Jest Snapshot v1, https://goo.gl/fbAQLP

exports[`Standard Tests LiteralTypeAlias matches snapshot 1`] = `"{"stringLiteral":"test string data","numberLiteral":10,"bigintLiteral":"9007199254740991n","booleanLiteral":false,"nullLiteral":null,"undefinedId":"undefined","anyLiteral":"any","unknownLiteral":"undefined","objectLiteral":{},"voidLiteral":null,"functionLiteral":"() => { }","arrayLiteral":[],"referenceLiteral":{"name":"test string data","ver":10,"age":10},"unionType":"test string data","conditionalType":false,"tsLiteralString":"string","tsLiteralNumber":20,"tsBigInt":"10000000000000n","tsLiteralBoolean":true,"tsNullLiteral":null,"tsObject":{},"tsArray":[],"symbolLiteral":"Symbol()","tsTuple":["test string data",10,"any",{"name":"test string data","ver":10,"age":10},{"name":"test string data","ver":10}],"tsNamedTuple":["test string data",10,{"name":"test string data","ver":10,"age":10},{"name":"test string data","ver":10}],"intersectionType":{"name":"test string data","ver":10,"age":10},"keyof":"name","indexAccessor":"test string data"}"`;

exports[`Standard Tests LiteralTypeClass matches snapshot 1`] = `"{"functionLiteral":"() => { }"}"`;

exports[`Standard Tests LiteralTypeInterface matches snapshot 1`] = `"{"stringLiteral":"test string data","numberLiteral":10,"bigintLiteral":"9007199254740991n","booleanLiteral":false,"nullLiteral":null,"undefinedId":"undefined","anyLiteral":"any","unknownLiteral":"undefined","objectLiteral":{},"voidLiteral":null,"functionLiteral":"() => { }","arrayLiteral":[],"referenceLiteral":{"name":"test string data","ver":10,"age":10},"unionType":"test string data","conditionalType":false,"tsLiteralString":"string","tsLiteralNumber":20,"tsBigInt":"10000000000000n","tsLiteralBoolean":true,"tsNullLiteral":null,"tsObject":{},"tsArray":[],"symbolLiteral":"Symbol()","tsTuple":["test string data",10,"any",{"name":"test string data","ver":10,"age":10},{"name":"test string data","ver":10}],"tsNamedTuple":["test string data",10,{"name":"test string data","ver":10,"age":10},{"name":"test string data","ver":10}],"intersectionType":{"name":"test string data","ver":10,"age":10},"keyof":"name","indexAccessor":"test string data"}"`;
